[7oroof.com/demos/medcity/home-classic.html]
[7oroof.com/demos/medcity/assets/images/favicon/favicon.png]
[backblue.gif]
[fade.gif]
[index.html]
[7oroof.com/demos/medcity/index.html]
[use.fontawesome.com/releases/v5.15.3/css/all.css]
[7oroof.com/demos/medcity/assets/images/logo/logo-light.png]
[7oroof.com/demos/medcity/assets/images/logo/logo-dark.png]
[7oroof.com/demos/medcity/home-modern.html]
[7oroof.com/demos/medcity/home-dentist.html]
[7oroof.com/demos/medcity/home-pharmacy.html]
[7oroof.com/demos/medcity/about-us.html]
[7oroof.com/demos/medcity/services.html]
[7oroof.com/demos/medcity/services-single.html]
[7oroof.com/demos/medcity/pricing.html]
[7oroof.com/demos/medcity/appointment.html]
[7oroof.com/demos/medcity/faqs.html]
[7oroof.com/demos/medcity/gallery.html]
[7oroof.com/demos/medcity/departments.html]
[7oroof.com/demos/medcity/departments-single.html]
[7oroof.com/demos/medcity/doctors-timetable.html]
[7oroof.com/demos/medcity/doctors-standard.html]
[7oroof.com/demos/medcity/doctors-modern.html]
[7oroof.com/demos/medcity/doctors-grid.html]
[7oroof.com/demos/medcity/doctors-single-doctor1.html]
[7oroof.com/demos/medcity/doctors-single-doctor2.html]
[7oroof.com/demos/medcity/blog.html]
[7oroof.com/demos/medcity/blog-single-post.html]
[7oroof.com/demos/medcity/shop.html]
[7oroof.com/demos/medcity/shop-single-product.html]
[7oroof.com/demos/medcity/cart.1f.delayed]
[7oroof.com/demos/medcity/contact-us.html]
[7oroof.com/demos/medcity/assets/images/sliders/4.jpg]
[7oroof.com/demos/medcity/assets/images/sliders/5.jpg]
[7oroof.com/demos/medcity/assets/images/about/3.jpg]
[7oroof.com/demos/medcity/assets/images/backgrounds/2.jpg]
[7oroof.com/demos/medcity/assets/images/services/1.jpg]
[7oroof.com/demos/medcity/assets/images/services/2.jpg]
[7oroof.com/demos/medcity/assets/images/services/3.jpg]
[7oroof.com/demos/medcity/assets/images/backgrounds/8.jpg]
[7oroof.com/demos/medcity/assets/images/banners/8.jpg]
[7oroof.com/demos/medcity/assets/images/team/1.jpg]
[7oroof.com/demos/medcity/assets/images/team/2.jpg]
[7oroof.com/demos/medcity/assets/images/team/3.jpg]
[7oroof.com/demos/medcity/assets/images/team/4.jpg]
[7oroof.com/demos/medcity/assets/images/team/5.jpg]
[7oroof.com/demos/medcity/assets/images/team/6.jpg]
[7oroof.com/demos/medcity/assets/images/banners/4.jpg]
[7oroof.com/demos/medcity/assets/images/testimonials/thumbs/1.png]
[7oroof.com/demos/medcity/assets/images/testimonials/thumbs/2.png]
[7oroof.com/demos/medcity/assets/images/testimonials/thumbs/3.png]
[7oroof.com/demos/medcity/assets/images/banners/1.jpg]
[7oroof.com/demos/medcity/assets/images/blog/grid/1.jpg]
[7oroof.com/demos/medcity/assets/images/blog/grid/2.jpg]
[7oroof.com/demos/medcity/assets/images/blog/grid/3.jpg]
[7oroof.com/demos/medcity/assets/js/jquery-3.5.1.min.js]
[7oroof.com/demos/medcity/assets/js/plugins.js]
[7oroof.com/demos/medcity/assets/js/main.js]
[7oroof.com/demos/medcity/home-classic.html]
[use.fontawesome.com/releases/v5.15.3/css/all.css]
[7oroof.com/demos/medcity/assets/css/images/ui-icons_444444_256x240.3c.delayed]
[7oroof.com/demos/medcity/assets/css/images/ui-icons_555555_256x240.png]
[7oroof.com/demos/medcity/assets/css/images/ui-icons_ffffff_256x240.png]
[7oroof.com/demos/medcity/assets/css/images/ui-icons_777620_256x240.png]
[7oroof.com/demos/medcity/assets/css/images/ui-icons_cc0000_256x240.png]
[7oroof.com/demos/medcity/assets/css/images/ui-icons_777777_256x240.png]
[7oroof.com/demos/medcity/assets/fonts/icomoon.eot]
[7oroof.com/demos/medcity/assets/fonts/icomoon.ttf]
[7oroof.com/demos/medcity/assets/fonts/icomoon.woff]
[7oroof.com/demos/medcity/assets/css/libraries.css]
[7oroof.com/demos/medcity/assets/images/icons/text-shape.png]
[7oroof.com/demos/medcity/assets/css/style.css]
[7oroof.com/demos/medcity/department-single.4d.delayed]
[7oroof.com/demos/medcity/assets/images/sliders/1.jpg]
[7oroof.com/demos/medcity/assets/images/sliders/2.jpg]
[7oroof.com/demos/medcity/assets/images/about/2.jpg]
[7oroof.com/demos/medcity/assets/images/services/4.jpg]
[7oroof.com/demos/medcity/assets/images/services/5.jpg]
[7oroof.com/demos/medcity/assets/images/services/6.jpg]
[7oroof.com/demos/medcity/assets/images/services/7.jpg]
[7oroof.com/demos/medcity/assets/images/services/8.jpg]
[7oroof.com/demos/medcity/assets/images/icons/alert2.png]
[7oroof.com/demos/medcity/assets/images/gallery/1.jpg]
[7oroof.com/demos/medcity/assets/images/gallery/2.jpg]
[7oroof.com/demos/medcity/assets/images/gallery/3.jpg]
[7oroof.com/demos/medcity/assets/images/gallery/4.jpg]
[7oroof.com/demos/medcity/assets/images/gallery/5.jpg]
[7oroof.com/demos/medcity/assets/images/gallery/6.jpg]
[7oroof.com/demos/medcity/assets/images/banners/3.jpg]
[7oroof.com/demos/medcity/assets/images/clients/1.png]
[7oroof.com/demos/medcity/assets/images/clients/2.png]
[7oroof.com/demos/medcity/assets/images/clients/3.png]
[7oroof.com/demos/medcity/assets/images/clients/4.png]
[7oroof.com/demos/medcity/assets/images/clients/5.png]
[7oroof.com/demos/medcity/assets/images/clients/6.png]
[7oroof.com/demos/medcity/assets/images/clients/7.png]
[7oroof.com/demos/medcity/index.html]
[7oroof.com/demos/medcity/assets/images/flags/en.png]
[7oroof.com/demos/medcity/assets/images/flags/fr.png]
[7oroof.com/demos/medcity/assets/images/flags/gr.png]
[7oroof.com/demos/medcity/assets/images/sliders/3.jpg]
[7oroof.com/demos/medcity/assets/images/about/singnture.png]
[7oroof.com/demos/medcity/assets/images/about/1.jpg]
[7oroof.com/demos/medcity/assets/images/backgrounds/1.jpg]
[7oroof.com/demos/medcity/assets/images/backgrounds/map.png]
[7oroof.com/demos/medcity/home-modern.html]
[7oroof.com/demos/medcity/assets/images/sliders/6.jpg]
[7oroof.com/demos/medcity/assets/images/sliders/7.jpg]
[7oroof.com/demos/medcity/assets/images/about/4.jpg]
[7oroof.com/demos/medcity/assets/images/icons/alert.png]
[7oroof.com/demos/medcity/home-dentist.html]
[7oroof.com/demos/medcity/assets/images/sliders/8.jpg]
[7oroof.com/demos/medcity/assets/images/sliders/9.jpg]
[7oroof.com/demos/medcity/assets/images/products/1.jpg]
[7oroof.com/demos/medcity/assets/images/products/2.jpg]
[7oroof.com/demos/medcity/assets/images/products/3.jpg]
[7oroof.com/demos/medcity/assets/images/products/4.jpg]
[7oroof.com/demos/medcity/assets/images/products/5.jpg]
[7oroof.com/demos/medcity/assets/images/products/6.jpg]
[7oroof.com/demos/medcity/assets/images/products/7.jpg]
[7oroof.com/demos/medcity/assets/images/products/8.jpg]
[7oroof.com/demos/medcity/assets/images/banners/9.jpg]
[7oroof.com/demos/medcity/home-pharmacy.html]
[use.fontawesome.com/releases/v5.15.1/css/all.css]
[7oroof.com/demos/medcity/assets/images/page-titles/1.jpg]
[7oroof.com/demos/medcity/about-us.html]
[7oroof.com/demos/medcity/assets/images/page-titles/2.jpg]
[7oroof.com/demos/medcity/services.html]
[7oroof.com/demos/medcity/assets/images/page-titles/3.jpg]
[7oroof.com/demos/medcity/assets/images/banners/7.jpg]
[7oroof.com/demos/medcity/assets/images/banners/5.jpg]
[7oroof.com/demos/medcity/services-single.html]
[7oroof.com/demos/medcity/assets/images/page-titles/4.jpg]
[7oroof.com/demos/medcity/pricing.html]
[7oroof.com/demos/medcity/assets/images/page-titles/5.jpg]
[7oroof.com/demos/medcity/appointment.html]
[7oroof.com/demos/medcity/assets/images/backgrounds/6.jpg]
[7oroof.com/demos/medcity/faqs.html]
[7oroof.com/demos/medcity/assets/images/page-titles/6.jpg]
[7oroof.com/demos/medcity/gallery.html]
[7oroof.com/demos/medcity/departments.html]
[7oroof.com/demos/medcity/assets/images/page-titles/9.jpg]
[7oroof.com/demos/medcity/assets/images/banners/6.jpg]
[7oroof.com/demos/medcity/departments-single.html]
[7oroof.com/demos/medcity/doctors-timetable.html]
[7oroof.com/demos/medcity/assets/images/page-titles/7.jpg]
[7oroof.com/demos/medcity/doctors-standard.html]
[7oroof.com/demos/medcity/doctors-modern.html]
[7oroof.com/demos/medcity/doctors-grid.html]
[7oroof.com/demos/medcity/assets/images/backgrounds/7.jpg]
[7oroof.com/demos/medcity/doctors-single-doctor1.html]
[7oroof.com/demos/medcity/doctors-single-doctor2.html]
[7oroof.com/demos/medcity/assets/images/page-titles/8.jpg]
[7oroof.com/demos/medcity/assets/images/blog/grid/4.jpg]
[7oroof.com/demos/medcity/assets/images/blog/grid/5.jpg]
[7oroof.com/demos/medcity/assets/images/blog/grid/6.jpg]
[7oroof.com/demos/medcity/blog.html]
[7oroof.com/demos/medcity/assets/images/blog/single/1.jpg]
[7oroof.com/demos/medcity/assets/images/blog/author/1.jpg]
[7oroof.com/demos/medcity/assets/images/blog/author/2.jpg]
[7oroof.com/demos/medcity/assets/images/blog/author/3.jpg]
[7oroof.com/demos/medcity/blog-single-post.html]
[7oroof.com/demos/medcity/assets/images/products/9.jpg]
[7oroof.com/demos/medcity/assets/images/products/11.jpg]
[7oroof.com/demos/medcity/assets/images/products/10.jpg]
[7oroof.com/demos/medcity/assets/images/products/12.jpg]
[7oroof.com/demos/medcity/shop.html]
[7oroof.com/demos/medcity/shop-single-product.html]
[7oroof.com/demos/medcity/cart.html]
[7oroof.com/demos/medcity/contact-us.html]
[7oroof.com/demos/medcity/assets/css/images/ui-icons_444444_256x240.html]
[7oroof.com/demos/medcity/assets/css/images/ui-icons_555555_256x240.html]
[7oroof.com/demos/medcity/assets/css/images/ui-icons_ffffff_256x240.html]
[7oroof.com/demos/medcity/assets/css/images/ui-icons_777620_256x240.html]
[7oroof.com/demos/medcity/assets/css/images/ui-icons_cc0000_256x240.html]
[7oroof.com/demos/medcity/assets/css/images/ui-icons_777777_256x240.html]
[7oroof.com/demos/medcity/assets/fonts/icomoon.svg]
[7oroof.com/demos/medcity/department-single.html]
[use.fontawesome.com/releases/v5.15.1/css/all.css]
